ec
accents
achicago
algorithm
algorithm2e
amsmath
amstext
apacite
apalike
array
authordate1-4
babel
beamerposter
biblatex
bibtopic
bicaption
bm
booktabs
breakurl
calc
cancel
chapterbib
chemgreek
chicago
color
csquotes
endnotes
enumitem
environ
esint
eso-pic
fancybox
fancyhdr
filehook
fixltx2e
fix-cm
float
fontspec
footmisc
footnote
footnotehyper
forest
framed
geometry
graphicx
greek-inputenc
harvard
hhline
hyperref
hyphenat
iftex
ifthen
jurabib
lettrine
listings
longtable
lscape
mathdots
mathrsfs
mathtools
mhchem
mslapa
multirow
natbib
nicefrac
nomencl
paralist
pdfcolmk
pdflscape
polyglossia
pdfcomment
pdfpages
pgf
prettyref
preview
refstyle
rotating
rotfloat
sectionbox
setspace
slashed
soul
splitidx
stackrel
stmaryrd
subfig
subscript
tablefootnote
tcolorbox
textcomp
ulem
unicode-math
units
url
varioref
varwidth
wallpaper
wrapfig
xargs
xcolor
xetex-def
xkeyval
arydshln
braket
cancel
caption
colortbl
diagbox
etoolbox
eurosym
fp
makecmds
marginnote
picinpar
pict2e
sidecap
upgreek
psnfss
avant
bookman
chancery
charter
courier
helvet
mathpazo
mathpple
mathptm
mathptmx
newcent
pifont
utopia
ae
ccfonts
concrete
concmath
fontaxes
lmodern
menukeys
binhex
symbol
tgadventor
tgbonum
tgchorus
tgcursor
tgheros
tgpagella
tgschola
tgtermes
tipa
tipx
tone
txfonts
marvosym
pmboxdraw
textgreek
wasy
wasysym
fancyhdr
datetime
fmtcount
todonotes
enumitem
sectionbox
multicol
bicaption
tcolorbox
environ
etoolbox
pgf
rsphrase
shapepar
fancyvrb
changebar
natbib
apacite
endnotes
algorithm2e
enumitem
forest
endnotes
fixme
hpstatement
paralist
natbib
jurabib
biblatex
biblatex
